
[1m[46m RUN [49m[22m [36mv4.1.2 [39m[90mC:/Users/Hugo Garcia/Desktop/tmdb-movies-api[39m

 [31mÔØ»[39m src/contexts/AuthContext.test.tsx [2m([22m[2m0 test[22m[2m)[22m
npx : 
No linha:1 caractere:1
+ npx vitest run > test-output.txt 2>&1
+ ~~~~~~~~~~~~~~~~~~~~~~~~~~~~~~~~~~~~~
    + CategoryInfo          : NotSpecified: (:String) [], RemoteException
    + FullyQualifiedErrorId : NativeCommandError
 
[31mÔÄ»ÔÄ»ÔÄ»ÔÄ»ÔÄ»ÔÄ»[39m[1m[41m Failed Suites 1 [49m[22m[31mÔÄ»ÔÄ»ÔÄ»ÔÄ»ÔÄ»ÔÄ»ÔÄ»[39m

[41m[1m FAIL [22m[49m src/contexts/AuthContext.test.tsx[2m [ src/contexts/AuthContext.test.tsx ][22m
[31m[1mError[22m: Failed to resolve import "@testing-library/jest-dom" from "src/tests/setup.ts". Does the file exist?[39m
  Plugin: [35mvite:import-analysis[39m
  File: [36mC:/Users/Hugo Garcia/Desktop/tmdb-movies-api/src/tests/setup.ts[39m:2:7
[33m  1  |  import { beforeEach } from "vitest";
  2  |  import "@testing-library/jest-dom";
     |          ^
  3  |  // Clean localStorage before each test
  4  |  beforeEach(() => {[39m
[90m [2mÔØ»[22m TransformPluginContext._formatLog 
../../../Hugo%20Garcia/Desktop/tmdb-movies-api/node_modules/vite/dist/node/chunks/node.js:[2m30259:39[22m[39m
[90m [2mÔØ»[22m TransformPluginContext.error 
../../../Hugo%20Garcia/Desktop/tmdb-movies-api/node_modules/vite/dist/node/chunks/node.js:[2m30256:14[22m[39m
[90m [2mÔØ»[22m normalizeUrl ../../../Hugo%20Garcia/Desktop/tmdb-movies-api/node_modules/vite/dist/node/chunks/node.js:[2m27544:18[22m[39m
[90m [2mÔØ»[22m ../../../Hugo%20Garcia/Desktop/tmdb-movies-api/node_modules/vite/dist/node/chunks/node.js:[2m27607:30[22m[39m
[90m [2mÔØ»[22m TransformPluginContext.transform 
../../../Hugo%20Garcia/Desktop/tmdb-movies-api/node_modules/vite/dist/node/chunks/node.js:[2m27575:4[22m[39m
[90m [2mÔØ»[22m EnvironmentPluginContainer.transform 
../../../Hugo%20Garcia/Desktop/tmdb-movies-api/node_modules/vite/dist/node/chunks/node.js:[2m30048:14[22m[39m
[90m [2mÔØ»[22m loadAndTransform ../../../Hugo%20Garcia/Desktop/tmdb-movies-api/node_modules/vite/dist/node/chunks/node.js:[2m24177:26[22m[39m

[31m[2mÔÄ»ÔÄ»ÔÄ»ÔÄ»ÔÄ»ÔÄ»ÔÄ»ÔÄ»ÔÄ»ÔÄ»ÔÄ»ÔÄ»ÔÄ»ÔÄ»ÔÄ»ÔÄ»ÔÄ»ÔÄ»ÔÄ»ÔÄ»ÔÄ»ÔÄ»ÔÄ»ÔÄ»[1/1]ÔÄ»[22m[39m


[2m Test Files [22m [1m[31m1 failed[39m[22m[90m (1)[39m
[2m      Tests [22m [2mno tests[22m
[2m   Start at [22m 17:09:42
[2m   Duration [22m 1.80s[2m (transform 0ms, setup 0ms, import 0ms, tests 0ms, environment 1.49s)[22m

